python : test_disconnected_node (tests.test_bellman.BellmanFordTests.test_disconnected_node) ... ok
At line:1 char:1
+ python -m unittest tests.test_bellman -v > test_output.txt 2>&1; echo ...
+ ~~~~~~~~~~~~~~~~~~~~~~~~~~~~~~~~~~~~~~~~~~~~~~~~~~~~~~~~~~~~~~~
    + CategoryInfo          : NotSpecified: (test_disconnect...ed_node) ... ok:String) [], RemoteException
    + FullyQualifiedErrorId : NativeCommandError
 
test_negative_edge (tests.test_bellman.BellmanFordTests.test_negative_edge) ... ok
test_simple_graph (tests.test_bellman.BellmanFordTests.test_simple_graph) ... ok

----------------------------------------------------------------------
Ran 3 tests in 0.000s

OK
